********************************************************************************
WARNING: POSTGRES_HOST_AUTH_METHOD has been set to "trust". This will allow
         anyone with access to the Postgres port to access your database without
         a password, even if POSTGRES_PASSWORD is set. See PostgreSQL
         documentation about "trust":
         https://www.postgresql.org/docs/current/auth-trust.html
         In Docker's default configuration, this is effectively any other
         container on the same system.

         It is not recommended to use POSTGRES_HOST_AUTH_METHOD=trust. Replace
         it with "-e POSTGRES_PASSWORD=password" instead to set a password in
         "docker run".
********************************************************************************
The files belonging to this database system will be owned by user "postgres".
This user must also own the server process.

The database cluster will be initialized with locale "en_US.utf8".
The default database encoding has accordingly been set to "UTF8".
The default text search configuration will be set to "english".

Data page checksums are disabled.

fixing permissions on existing directory /var/lib/postgresql/data ... ok
creating subdirectories ... ok
selecting dynamic shared memory implementation ... posix
selecting default "max_connections" ... 100
selecting default "shared_buffers" ... 128MB
selecting default time zone ... UTC
creating configuration files ... ok
running bootstrap script ... ok
sh: locale: not found
2026-08-01 16:10:59.035 UTC [42] WARNING:  no usable system locales were found
performing post-bootstrap initialization ... ok
syncing data to disk ... ok


Success. You can now start the database server using:

    pg_ctl -D /var/lib/postgresql/data -l logfile start

initdb: warning: enabling "trust" authentication for local connections
initdb: hint: You can change this by editing pg_hba.conf or using the option -A, or --auth-local and --auth-host, the next time you run initdb.
waiting for server to start....2026-08-01 16:10:59.175 UTC [48] LOG:  starting PostgreSQL 17.6 on x86_64-pc-linux-musl, compiled by gcc (Alpine 14.2.0) 14.2.0, 64-bit
2026-08-01 16:10:59.175 UTC [48] LOG:  listening on Unix socket "/var/run/postgresql/.s.PGSQL.5432"
2026-08-01 16:10:59.176 UTC [51] LOG:  database system was shut down at 2026-08-01 16:10:59 UTC
2026-08-01 16:10:59.177 UTC [48] LOG:  database system is ready to accept connections
 done
server started
CREATE DATABASE


/usr/local/bin/docker-entrypoint.sh: ignoring /docker-entrypoint-initdb.d/*

waiting for server to shut down....2026-08-01 16:10:59.289 UTC [48] LOG:  received fast shutdown request
2026-08-01 16:10:59.289 UTC [48] LOG:  aborting any active transactions
2026-08-01 16:10:59.290 UTC [48] LOG:  background worker "logical replication launcher" (PID 54) exited with exit code 1
2026-08-01 16:10:59.290 UTC [49] LOG:  shutting down
2026-08-01 16:10:59.290 UTC [49] LOG:  checkpoint starting: shutdown immediate
2026-08-01 16:10:59.292 UTC [49] LOG:  checkpoint complete: wrote 925 buffers (5.6%); 0 WAL file(s) added, 0 removed, 0 recycled; write=0.003 s, sync=0.001 s, total=0.003 s; sync files=301, longest=0.001 s, average=0.000 s; distance=4255 kB, estimate=4255 kB; lsn=0/1915040, redo lsn=0/1915040
2026-08-01 16:10:59.295 UTC [48] LOG:  database system is shut down
 done
server stopped

PostgreSQL init process complete; ready for start up.

2026-08-01 16:10:59.398 UTC [1] LOG:  starting PostgreSQL 17.6 on x86_64-pc-linux-musl, compiled by gcc (Alpine 14.2.0) 14.2.0, 64-bit
2026-08-01 16:10:59.398 UTC [1] LOG:  listening on IPv4 address "0.0.0.0", port 5432
2026-08-01 16:10:59.398 UTC [1] LOG:  listening on IPv6 address "::", port 5432
2026-08-01 16:10:59.398 UTC [1] LOG:  listening on Unix socket "/var/run/postgresql/.s.PGSQL.5432"
2026-08-01 16:10:59.399 UTC [64] LOG:  database system was shut down at 2026-08-01 16:10:59 UTC
2026-08-01 16:10:59.401 UTC [1] LOG:  database system is ready to accept connections
