worker_image_sha256=d1124bcb148e0ce75a80e9d0e945a50f94a7b8c4b3eb20e5dd734c998f1723d2
admission_binary_sha256=d7e9c82e7a4c5c27d9410d1508ce240adf1e3670af2afa187a0439d37d63f915
launch_source_sha256=666ac2275ea75730e27cf7b565d757691b094c508355adc0199d745278a23100
launch_context_sha256=ba6ea3cd4fcc35993764bf1d83ba27d03de9ed6c3de2183a9476ba3936e0fd14
status=admitted
protocol=mcloving.jenkins.compiler/2
compiler=mcloving-jenkins-compiler-worker/2
target_profile_sha256=feeeb44d32aa10181e572a0dbbf5b2e23895731b1913bd46aba9f38d56172271
request_id=jcomp003-corpus-052
document_id=jcomp003-corpus-052
source_sha256=666ac2275ea75730e27cf7b565d757691b094c508355adc0199d745278a23100
context_sha256=ba6ea3cd4fcc35993764bf1d83ba27d03de9ed6c3de2183a9476ba3936e0fd14
contract_sha256=264436c57b3aa82810f7041515c924b38a5a5e4be1f60fb6987151d1e8336a41
pipeline_yaml_sha256=df0f3453f35455eac29eab1101d01aa36ff23d7a26f33eb5dfca4cc795800b16
definition_yaml_sha256=efc9e72828b91ac999071237108350c337b2b2edcff29fe8100a8fc9b8752c77
semantic_ir_sha256=398fd51aa4afd16f7528e81f87cfe37290cc3d86a37baf7fbb4225d7303b96a1
canonical_ir_sha256=398fd51aa4afd16f7528e81f87cfe37290cc3d86a37baf7fbb4225d7303b96a1
stages=1
steps=1
state=disabled
execution_authority=false
